// Jest Snapshot v1, https://goo.gl/fbAQLP

exports[`General CLI helpers Terminal format helpers (colors) 1`] = `undefined`;

exports[`General CLI helpers Terminal format helpers (colors) 2`] = `undefined`;

exports[`General CLI helpers Terminal format helpers (colors) 3`] = `undefined`;
